// Jest Snapshot v1, https://goo.gl/fbAQLP

exports[`Github searchRepositories maps data to GithubRepository interface 1`] = `
Array [
  Object {
    "name": "test-repo",
    "owner": "test-user",
    "url": "https://github.com/test/repo",
  },
]
`;

exports[`Github searchRepositories query matches snapshot and is called with proper arguments 1`] = `
"
                query searchRepos($searchTerm: String!, $pageSize: Int!) {
                    search(query: $searchTerm, first: $pageSize, type: REPOSITORY) {
                        edges {
                            node {
                                ... on Repository {
                                    name
                                    url
                                    owner {
                                        login
                                    }
                                }
                            }
                        }
                    }
                }
            "
`;
